I'm sorry, but errors were detected in your script. Please correct the
errors listed below, and try again.


File "game/script.rpy", line 172: expected ':' not found.
    else
        ^

Ren'Py Version: Ren'Py 8.3.7.25031702
Sun May  4 01:12:38 2025
